[0.471s] Invoking command in '/home/jinha/rplidar_ws/src/RPlidar_description': PYTHONPATH=/home/jinha/rplidar_ws/build/RPlidar_description/prefix_override:/usr/lib/python3/dist-packages/colcon_core/task/python/colcon_distutils_commands:/home/jinha/rplidar_ws/install/RPlidar_description/lib/python3.10/site-packages:${PYTHONPATH} /usr/bin/python3 -W ignore:setup.py install is deprecated -W ignore:easy_install command is deprecated setup.py egg_info --egg-base ../../build/RPlidar_description build --build-base /home/jinha/rplidar_ws/build/RPlidar_description/build install --record /home/jinha/rplidar_ws/build/RPlidar_description/install.log --install-scripts $base/lib/RPlidar_description --single-version-externally-managed install_data
[0.627s] /usr/lib/python3/dist-packages/setuptools/dist.py:723: UserWarning: Usage of dash-separated 'script-dir' will not be supported in future versions. Please use the underscore name 'script_dir' instead
[0.627s]   warnings.warn(
[0.633s] running egg_info
[0.633s] creating ../../build/RPlidar_description/RPlidar_description.egg-info
[0.633s] writing ../../build/RPlidar_description/RPlidar_description.egg-info/PKG-INFO
[0.633s] writing dependency_links to ../../build/RPlidar_description/RPlidar_description.egg-info/dependency_links.txt
[0.633s] writing entry points to ../../build/RPlidar_description/RPlidar_description.egg-info/entry_points.txt
[0.633s] writing requirements to ../../build/RPlidar_description/RPlidar_description.egg-info/requires.txt
[0.633s] writing top-level names to ../../build/RPlidar_description/RPlidar_description.egg-info/top_level.txt
[0.634s] writing manifest file '../../build/RPlidar_description/RPlidar_description.egg-info/SOURCES.txt'
[0.634s] reading manifest file '../../build/RPlidar_description/RPlidar_description.egg-info/SOURCES.txt'
[0.635s] writing manifest file '../../build/RPlidar_description/RPlidar_description.egg-info/SOURCES.txt'
[0.635s] running build
[0.635s] running build_py
[0.635s] creating /home/jinha/rplidar_ws/build/RPlidar_description/build
[0.635s] creating /home/jinha/rplidar_ws/build/RPlidar_description/build/lib
[0.635s] creating /home/jinha/rplidar_ws/build/RPlidar_description/build/lib/RPlidar_description
[0.635s] copying RPlidar_description/__init__.py -> /home/jinha/rplidar_ws/build/RPlidar_description/build/lib/RPlidar_description
[0.636s] running install
[0.636s] running install_lib
[0.636s] creating /home/jinha/rplidar_ws/install/RPlidar_description/lib/python3.10/site-packages/RPlidar_description
[0.636s] copying /home/jinha/rplidar_ws/build/RPlidar_description/build/lib/RPlidar_description/__init__.py -> /home/jinha/rplidar_ws/install/RPlidar_description/lib/python3.10/site-packages/RPlidar_description
[0.636s] byte-compiling /home/jinha/rplidar_ws/install/RPlidar_description/lib/python3.10/site-packages/RPlidar_description/__init__.py to __init__.cpython-310.pyc
[0.636s] running install_data
[0.637s] creating /home/jinha/rplidar_ws/install/RPlidar_description/share/ament_index
[0.637s] creating /home/jinha/rplidar_ws/install/RPlidar_description/share/ament_index/resource_index
[0.637s] creating /home/jinha/rplidar_ws/install/RPlidar_description/share/ament_index/resource_index/packages
[0.637s] copying resource/RPlidar_description -> /home/jinha/rplidar_ws/install/RPlidar_description/share/ament_index/resource_index/packages
[0.637s] copying package.xml -> /home/jinha/rplidar_ws/install/RPlidar_description/share/RPlidar_description
[0.637s] creating /home/jinha/rplidar_ws/install/RPlidar_description/share/RPlidar_description/launch
[0.637s] copying launch/display.launch.py -> /home/jinha/rplidar_ws/install/RPlidar_description/share/RPlidar_description/launch
[0.637s] copying launch/gazebo.launch.py -> /home/jinha/rplidar_ws/install/RPlidar_description/share/RPlidar_description/launch
[0.637s] creating /home/jinha/rplidar_ws/install/RPlidar_description/share/RPlidar_description/urdf
[0.637s] copying urdf/RPlidar.xacro -> /home/jinha/rplidar_ws/install/RPlidar_description/share/RPlidar_description/urdf
[0.637s] copying urdf/materials.xacro -> /home/jinha/rplidar_ws/install/RPlidar_description/share/RPlidar_description/urdf
[0.637s] copying urdf/RPlidar.gazebo -> /home/jinha/rplidar_ws/install/RPlidar_description/share/RPlidar_description/urdf
[0.637s] copying urdf/RPlidar.trans -> /home/jinha/rplidar_ws/install/RPlidar_description/share/RPlidar_description/urdf
[0.637s] creating /home/jinha/rplidar_ws/install/RPlidar_description/share/RPlidar_description/meshes
[0.638s] copying meshes/Caster_Yoke_RR_1.stl -> /home/jinha/rplidar_ws/install/RPlidar_description/share/RPlidar_description/meshes
[0.638s] copying meshes/Caster_Yoke_FL_1.stl -> /home/jinha/rplidar_ws/install/RPlidar_description/share/RPlidar_description/meshes
[0.638s] copying meshes/LeftWheel_1.stl -> /home/jinha/rplidar_ws/install/RPlidar_description/share/RPlidar_description/meshes
[0.639s] copying meshes/Caster_Wheel_RR_1.stl -> /home/jinha/rplidar_ws/install/RPlidar_description/share/RPlidar_description/meshes
[0.639s] copying meshes/base_link.stl -> /home/jinha/rplidar_ws/install/RPlidar_description/share/RPlidar_description/meshes
[0.641s] copying meshes/Caster_Wheel_FR_1.stl -> /home/jinha/rplidar_ws/install/RPlidar_description/share/RPlidar_description/meshes
[0.641s] copying meshes/Lidar_Link_1.stl -> /home/jinha/rplidar_ws/install/RPlidar_description/share/RPlidar_description/meshes
[0.643s] copying meshes/Caster_Wheel_RL_1.stl -> /home/jinha/rplidar_ws/install/RPlidar_description/share/RPlidar_description/meshes
[0.643s] copying meshes/Caster_Wheel_FL_1.stl -> /home/jinha/rplidar_ws/install/RPlidar_description/share/RPlidar_description/meshes
[0.643s] copying meshes/Caster_Yoke_RL_1.stl -> /home/jinha/rplidar_ws/install/RPlidar_description/share/RPlidar_description/meshes
[0.644s] copying meshes/Shock_link_1.stl -> /home/jinha/rplidar_ws/install/RPlidar_description/share/RPlidar_description/meshes
[0.644s] copying meshes/RightWheel_1.stl -> /home/jinha/rplidar_ws/install/RPlidar_description/share/RPlidar_description/meshes
[0.646s] copying meshes/Shock_link_Mirror__1.stl -> /home/jinha/rplidar_ws/install/RPlidar_description/share/RPlidar_description/meshes
[0.646s] copying meshes/Caster_Yoke_FR_1.stl -> /home/jinha/rplidar_ws/install/RPlidar_description/share/RPlidar_description/meshes
[0.647s] creating /home/jinha/rplidar_ws/install/RPlidar_description/share/RPlidar_description/config
[0.647s] copying config/display.rviz -> /home/jinha/rplidar_ws/install/RPlidar_description/share/RPlidar_description/config
[0.647s] running install_egg_info
[0.648s] Copying ../../build/RPlidar_description/RPlidar_description.egg-info to /home/jinha/rplidar_ws/install/RPlidar_description/lib/python3.10/site-packages/RPlidar_description-0.0.0-py3.10.egg-info
[0.648s] running install_scripts
[0.663s] writing list of installed files to '/home/jinha/rplidar_ws/build/RPlidar_description/install.log'
[0.678s] Invoked command in '/home/jinha/rplidar_ws/src/RPlidar_description' returned '0': PYTHONPATH=/home/jinha/rplidar_ws/build/RPlidar_description/prefix_override:/usr/lib/python3/dist-packages/colcon_core/task/python/colcon_distutils_commands:/home/jinha/rplidar_ws/install/RPlidar_description/lib/python3.10/site-packages:${PYTHONPATH} /usr/bin/python3 -W ignore:setup.py install is deprecated -W ignore:easy_install command is deprecated setup.py egg_info --egg-base ../../build/RPlidar_description build --build-base /home/jinha/rplidar_ws/build/RPlidar_description/build install --record /home/jinha/rplidar_ws/build/RPlidar_description/install.log --install-scripts $base/lib/RPlidar_description --single-version-externally-managed install_data
