/usr/lib/python3/dist-packages/setuptools/dist.py:723: UserWarning: Usage of dash-separated 'script-dir' will not be supported in future versions. Please use the underscore name 'script_dir' instead
  warnings.warn(
running egg_info
writing ../../build/RPlidar_description/RPlidar_description.egg-info/PKG-INFO
writing dependency_links to ../../build/RPlidar_description/RPlidar_description.egg-info/dependency_links.txt
writing entry points to ../../build/RPlidar_description/RPlidar_description.egg-info/entry_points.txt
writing requirements to ../../build/RPlidar_description/RPlidar_description.egg-info/requires.txt
writing top-level names to ../../build/RPlidar_description/RPlidar_description.egg-info/top_level.txt
reading manifest file '../../build/RPlidar_description/RPlidar_description.egg-info/SOURCES.txt'
writing manifest file '../../build/RPlidar_description/RPlidar_description.egg-info/SOURCES.txt'
running build
running build_py
running install
running install_lib
running install_data
copying launch/mapping.launch.py -> /home/jinha/rplidar_ws/install/RPlidar_description/share/RPlidar_description/launch
running install_egg_info
removing '/home/jinha/rplidar_ws/install/RPlidar_description/lib/python3.10/site-packages/RPlidar_description-0.0.0-py3.10.egg-info' (and everything under it)
Copying ../../build/RPlidar_description/RPlidar_description.egg-info to /home/jinha/rplidar_ws/install/RPlidar_description/lib/python3.10/site-packages/RPlidar_description-0.0.0-py3.10.egg-info
running install_scripts
writing list of installed files to '/home/jinha/rplidar_ws/build/RPlidar_description/install.log'
