[0.759s] Invoking command in '/home/jinha/rplidar_ws/src/RPlidar_description': PYTHONPATH=/home/jinha/rplidar_ws/build/RPlidar_description/prefix_override:/usr/lib/python3/dist-packages/colcon_core/task/python/colcon_distutils_commands:/home/jinha/rplidar_ws/install/RPlidar_description/lib/python3.10/site-packages:${PYTHONPATH} /usr/bin/python3 -W ignore:setup.py install is deprecated -W ignore:easy_install command is deprecated setup.py egg_info --egg-base ../../build/RPlidar_description build --build-base /home/jinha/rplidar_ws/build/RPlidar_description/build install --record /home/jinha/rplidar_ws/build/RPlidar_description/install.log --install-scripts $base/lib/RPlidar_description --single-version-externally-managed install_data
[1.019s] /usr/lib/python3/dist-packages/setuptools/dist.py:723: UserWarning: Usage of dash-separated 'script-dir' will not be supported in future versions. Please use the underscore name 'script_dir' instead
[1.019s]   warnings.warn(
[1.030s] running egg_info
[1.031s] writing ../../build/RPlidar_description/RPlidar_description.egg-info/PKG-INFO
[1.031s] writing dependency_links to ../../build/RPlidar_description/RPlidar_description.egg-info/dependency_links.txt
[1.031s] writing entry points to ../../build/RPlidar_description/RPlidar_description.egg-info/entry_points.txt
[1.031s] writing requirements to ../../build/RPlidar_description/RPlidar_description.egg-info/requires.txt
[1.031s] writing top-level names to ../../build/RPlidar_description/RPlidar_description.egg-info/top_level.txt
[1.033s] reading manifest file '../../build/RPlidar_description/RPlidar_description.egg-info/SOURCES.txt'
[1.035s] writing manifest file '../../build/RPlidar_description/RPlidar_description.egg-info/SOURCES.txt'
[1.035s] running build
[1.035s] running build_py
[1.035s] running install
[1.035s] running install_lib
[1.037s] running install_data
[1.037s] copying urdf/RPlidar.gazebo -> /home/jinha/rplidar_ws/install/RPlidar_description/share/RPlidar_description/urdf
[1.038s] copying config/mapper_params_online_async.yaml -> /home/jinha/rplidar_ws/install/RPlidar_description/share/RPlidar_description/config
[1.038s] running install_egg_info
[1.041s] removing '/home/jinha/rplidar_ws/install/RPlidar_description/lib/python3.10/site-packages/RPlidar_description-0.0.0-py3.10.egg-info' (and everything under it)
[1.041s] Copying ../../build/RPlidar_description/RPlidar_description.egg-info to /home/jinha/rplidar_ws/install/RPlidar_description/lib/python3.10/site-packages/RPlidar_description-0.0.0-py3.10.egg-info
[1.041s] running install_scripts
[1.067s] writing list of installed files to '/home/jinha/rplidar_ws/build/RPlidar_description/install.log'
[1.097s] Invoked command in '/home/jinha/rplidar_ws/src/RPlidar_description' returned '0': PYTHONPATH=/home/jinha/rplidar_ws/build/RPlidar_description/prefix_override:/usr/lib/python3/dist-packages/colcon_core/task/python/colcon_distutils_commands:/home/jinha/rplidar_ws/install/RPlidar_description/lib/python3.10/site-packages:${PYTHONPATH} /usr/bin/python3 -W ignore:setup.py install is deprecated -W ignore:easy_install command is deprecated setup.py egg_info --egg-base ../../build/RPlidar_description build --build-base /home/jinha/rplidar_ws/build/RPlidar_description/build install --record /home/jinha/rplidar_ws/build/RPlidar_description/install.log --install-scripts $base/lib/RPlidar_description --single-version-externally-managed install_data
