/home/jinha/rplidar_ws/install/RPlidar_description/lib/python3.10/site-packages/RPlidar_description/__init__.py
/home/jinha/rplidar_ws/install/RPlidar_description/lib/python3.10/site-packages/RPlidar_description/__pycache__/__init__.cpython-310.pyc
/home/jinha/rplidar_ws/install/RPlidar_description/share/ament_index/resource_index/packages/RPlidar_description
/home/jinha/rplidar_ws/install/RPlidar_description/share/RPlidar_description/package.xml
/home/jinha/rplidar_ws/install/RPlidar_description/share/RPlidar_description/launch/display.launch.py
/home/jinha/rplidar_ws/install/RPlidar_description/share/RPlidar_description/launch/gazebo.launch.py
/home/jinha/rplidar_ws/install/RPlidar_description/share/RPlidar_description/launch/mapping.launch.py
/home/jinha/rplidar_ws/install/RPlidar_description/share/RPlidar_description/launch/slam.launch.py
/home/jinha/rplidar_ws/install/RPlidar_description/share/RPlidar_description/urdf/RPlidar.xacro
/home/jinha/rplidar_ws/install/RPlidar_description/share/RPlidar_description/urdf/materials.xacro
/home/jinha/rplidar_ws/install/RPlidar_description/share/RPlidar_description/urdf/RPlidar.gazebo
/home/jinha/rplidar_ws/install/RPlidar_description/share/RPlidar_description/urdf/RPlidar.trans
/home/jinha/rplidar_ws/install/RPlidar_description/share/RPlidar_description/meshes/Caster_Yoke_RR_1.stl
/home/jinha/rplidar_ws/install/RPlidar_description/share/RPlidar_description/meshes/Caster_Yoke_FL_1.stl
/home/jinha/rplidar_ws/install/RPlidar_description/share/RPlidar_description/meshes/LeftWheel_1.stl
/home/jinha/rplidar_ws/install/RPlidar_description/share/RPlidar_description/meshes/Caster_Wheel_RR_1.stl
/home/jinha/rplidar_ws/install/RPlidar_description/share/RPlidar_description/meshes/base_link.stl
/home/jinha/rplidar_ws/install/RPlidar_description/share/RPlidar_description/meshes/Caster_Wheel_FR_1.stl
/home/jinha/rplidar_ws/install/RPlidar_description/share/RPlidar_description/meshes/Lidar_Link_1.stl
/home/jinha/rplidar_ws/install/RPlidar_description/share/RPlidar_description/meshes/Caster_Wheel_RL_1.stl
/home/jinha/rplidar_ws/install/RPlidar_description/share/RPlidar_description/meshes/Caster_Wheel_FL_1.stl
/home/jinha/rplidar_ws/install/RPlidar_description/share/RPlidar_description/meshes/Caster_Yoke_RL_1.stl
/home/jinha/rplidar_ws/install/RPlidar_description/share/RPlidar_description/meshes/Shock_link_1.stl
/home/jinha/rplidar_ws/install/RPlidar_description/share/RPlidar_description/meshes/RightWheel_1.stl
/home/jinha/rplidar_ws/install/RPlidar_description/share/RPlidar_description/meshes/Shock_link_Mirror__1.stl
/home/jinha/rplidar_ws/install/RPlidar_description/share/RPlidar_description/meshes/Caster_Yoke_FR_1.stl
/home/jinha/rplidar_ws/install/RPlidar_description/share/RPlidar_description/config/mapper_params_online_async.yaml
/home/jinha/rplidar_ws/install/RPlidar_description/share/RPlidar_description/config/display.rviz
/home/jinha/rplidar_ws/install/RPlidar_description/share/RPlidar_description/worlds/rplidar_world.world
/home/jinha/rplidar_ws/install/RPlidar_description/lib/python3.10/site-packages/RPlidar_description-0.0.0-py3.10.egg-info/PKG-INFO
/home/jinha/rplidar_ws/install/RPlidar_description/lib/python3.10/site-packages/RPlidar_description-0.0.0-py3.10.egg-info/zip-safe
/home/jinha/rplidar_ws/install/RPlidar_description/lib/python3.10/site-packages/RPlidar_description-0.0.0-py3.10.egg-info/entry_points.txt
/home/jinha/rplidar_ws/install/RPlidar_description/lib/python3.10/site-packages/RPlidar_description-0.0.0-py3.10.egg-info/requires.txt
/home/jinha/rplidar_ws/install/RPlidar_description/lib/python3.10/site-packages/RPlidar_description-0.0.0-py3.10.egg-info/top_level.txt
/home/jinha/rplidar_ws/install/RPlidar_description/lib/python3.10/site-packages/RPlidar_description-0.0.0-py3.10.egg-info/dependency_links.txt
/home/jinha/rplidar_ws/install/RPlidar_description/lib/python3.10/site-packages/RPlidar_description-0.0.0-py3.10.egg-info/SOURCES.txt
