[0.411s] Invoking command in '/home/jinha/rplidar_ws/src/RPlidar_description': PYTHONPATH=/home/jinha/rplidar_ws/build/RPlidar_description/prefix_override:/usr/lib/python3/dist-packages/colcon_core/task/python/colcon_distutils_commands:/home/jinha/rplidar_ws/install/RPlidar_description/lib/python3.10/site-packages:${PYTHONPATH} /usr/bin/python3 -W ignore:setup.py install is deprecated -W ignore:easy_install command is deprecated setup.py egg_info --egg-base ../../build/RPlidar_description build --build-base /home/jinha/rplidar_ws/build/RPlidar_description/build install --record /home/jinha/rplidar_ws/build/RPlidar_description/install.log --install-scripts $base/lib/RPlidar_description --single-version-externally-managed install_data
[0.557s] /usr/lib/python3/dist-packages/setuptools/dist.py:723: UserWarning: Usage of dash-separated 'script-dir' will not be supported in future versions. Please use the underscore name 'script_dir' instead
[0.558s]   warnings.warn(
[0.563s] running egg_info
[0.563s] writing ../../build/RPlidar_description/RPlidar_description.egg-info/PKG-INFO
[0.563s] writing dependency_links to ../../build/RPlidar_description/RPlidar_description.egg-info/dependency_links.txt
[0.563s] writing entry points to ../../build/RPlidar_description/RPlidar_description.egg-info/entry_points.txt
[0.564s] writing requirements to ../../build/RPlidar_description/RPlidar_description.egg-info/requires.txt
[0.564s] writing top-level names to ../../build/RPlidar_description/RPlidar_description.egg-info/top_level.txt
[0.565s] reading manifest file '../../build/RPlidar_description/RPlidar_description.egg-info/SOURCES.txt'
[0.565s] writing manifest file '../../build/RPlidar_description/RPlidar_description.egg-info/SOURCES.txt'
[0.565s] running build
[0.565s] running build_py
[0.565s] running install
[0.566s] running install_lib
[0.566s] running install_data
[0.566s] copying launch/slam.launch.py -> /home/jinha/rplidar_ws/install/RPlidar_description/share/RPlidar_description/launch
[0.566s] copying config/mapper_params_online_async.yaml -> /home/jinha/rplidar_ws/install/RPlidar_description/share/RPlidar_description/config
[0.567s] running install_egg_info
[0.568s] removing '/home/jinha/rplidar_ws/install/RPlidar_description/lib/python3.10/site-packages/RPlidar_description-0.0.0-py3.10.egg-info' (and everything under it)
[0.568s] Copying ../../build/RPlidar_description/RPlidar_description.egg-info to /home/jinha/rplidar_ws/install/RPlidar_description/lib/python3.10/site-packages/RPlidar_description-0.0.0-py3.10.egg-info
[0.568s] running install_scripts
[0.581s] writing list of installed files to '/home/jinha/rplidar_ws/build/RPlidar_description/install.log'
[0.594s] Invoked command in '/home/jinha/rplidar_ws/src/RPlidar_description' returned '0': PYTHONPATH=/home/jinha/rplidar_ws/build/RPlidar_description/prefix_override:/usr/lib/python3/dist-packages/colcon_core/task/python/colcon_distutils_commands:/home/jinha/rplidar_ws/install/RPlidar_description/lib/python3.10/site-packages:${PYTHONPATH} /usr/bin/python3 -W ignore:setup.py install is deprecated -W ignore:easy_install command is deprecated setup.py egg_info --egg-base ../../build/RPlidar_description build --build-base /home/jinha/rplidar_ws/build/RPlidar_description/build install --record /home/jinha/rplidar_ws/build/RPlidar_description/install.log --install-scripts $base/lib/RPlidar_description --single-version-externally-managed install_data
